<html>
<body>
<pre>
<h1>µVision Build Log</h1>
<h2>Tool Versions:</h2>
IDE-Version: ¦ÌVision V5.39.0.0
Copyright (C) 2023 ARM Ltd and ARM Germany GmbH. All rights reserved.
License Information:  ,  , LIC=VGXG8-386PT-MMA9I-TDS22-TK5D8-ETBFD
 
Tool Versions:
Toolchain:       MDK-ARM Plus  Version: 5.39.0.0
Toolchain Path:  C:\Software\STM32_soft\Keil\ARM\ARMCC\Bin
C Compiler:      Armcc.exe V5.05 update 1 (build 106)
Assembler:       Armasm.exe V5.05 update 1 (build 106)
Linker/Locator:  ArmLink.exe V5.05 update 1 (build 106)
Library Manager: ArmAr.exe V5.05 update 1 (build 106)
Hex Converter:   FromElf.exe V5.05 update 1 (build 106)
CPU DLL:         SARMCM3.DLL V5.39.0.0
Dialog DLL:      DCM.DLL V1.17.5.0
Target DLL:      STLink\ST-LINKIII-KEIL_SWO.dll V3.2.0.0
Dialog DLL:      TCM.DLL V1.56.4.0
 
<h2>Project:</h2>
C:\Users\XuGuoCai\Desktop\U8G2_C8T6\V1.1\Project\Project.uvprojx
Project File Date:  12/24/2023

<h2>Output:</h2>
*** Using Compiler 'V5.05 update 1 (build 106)', folder: 'C:\Software\STM32_soft\Keil\ARM\ARMCC\Bin'
Rebuild target 'STCF103C8T6'
assembling startup_stm32f10x_md.s...
compiling stm32f10x_can.c...
compiling core_cm3.c...
compiling stm32f10x_dac.c...
compiling stm32f10x_adc.c...
compiling stm32f10x_bkp.c...
compiling stm32f10x_crc.c...
compiling stm32f10x_dbgmcu.c...
compiling misc.c...
compiling system_stm32f10x.c...
compiling stm32f10x_cec.c...
compiling stm32f10x_dma.c...
compiling stm32f10x_exti.c...
compiling stm32f10x_fsmc.c...
compiling stm32f10x_flash.c...
compiling stm32f10x_gpio.c...
compiling stm32f10x_iwdg.c...
compiling stm32f10x_i2c.c...
compiling stm32f10x_pwr.c...
compiling stm32f10x_rtc.c...
compiling stm32f10x_sdio.c...
compiling stm32f10x_rcc.c...
compiling stm32f10x_spi.c...
compiling stm32f10x_wwdg.c...
compiling mui.c...
compiling bsp_delay.c...
compiling stm32f10x_usart.c...
compiling stm32f10x_tim.c...
compiling stm32f10x_it.c...
compiling u8g2_box.c...
compiling u8g2_arc.c...
compiling u8g2_bitmap.c...
compiling mui_u8g2.c...
compiling u8g2_buffer.c...
compiling u8g2_button.c...
compiling u8g2_circle.c...
compiling u8g2_cleardisplay.c...
compiling main.c...
compiling u8g2_d_memory.c...
compiling u8g2_d_setup.c...
compiling u8g2_hvline.c...
compiling u8g2_input_value.c...
compiling u8g2_intersection.c...
compiling u8g2_fonts.c...
compiling u8g2_kerning.c...
compiling u8g2_line.c...
compiling u8g2_font.c...
compiling u8g2_ll_hvline.c...
compiling u8g2_message.c...
compiling u8g2_polygon.c...
compiling u8log.c...
compiling u8g2_selection_list.c...
compiling u8log_u8x8.c...
compiling u8log_u8g2.c...
compiling u8g2_setup.c...
compiling u8x8_8x8.c...
compiling u8x8_capture.c...
compiling u8x8_byte.c...
compiling u8x8_cad.c...
compiling u8x8_d_ssd1306_128x64_noname.c...
compiling u8x8_debounce.c...
compiling u8x8_gpio.c...
compiling u8x8_display.c...
compiling u8x8_input_value.c...
compiling u8x8_message.c...
compiling u8x8_fonts.c...
compiling u8x8_selection_list.c...
compiling u8x8_setup.c...
compiling u8x8_string.c...
compiling u8x8_u8toa.c...
compiling u8x8_u16toa.c...
compiling bsp_tim.c...
compiling bsp_key.c...
compiling OLED.c...
linking...
Program Size: Code=9252 RO-data=9028 RW-data=76 ZI-data=2228  
FromELF: creating hex file...
"..\Output\Project.axf" - 0 Error(s), 0 Warning(s).

<h2>Software Packages used:</h2>

Package Vendor: Keil
                http://www.keil.com/pack/Keil.STM32F1xx_DFP.1.1.0.pack
                Keil::STM32F1xx_DFP@1.1.0
                STMicroelectronics STM32F1 Series Device Support, Drivers and Examples

<h2>Collection of Component include folders:</h2>
  C:/Software/STM32_soft/Keil/Keil/STM32F1xx_DFP/1.1.0/Device/Include

<h2>Collection of Component Files used:</h2>
Build Time Elapsed:  00:00:03
</pre>
</body>
</html>
